// Jest Snapshot v1, https://goo.gl/fbAQLP

exports[`correct renders main-controller page 1`] = `
<Router
  history={
    Object {
      "action": "POP",
      "block": [Function],
      "createHref": [Function],
      "go": [Function],
      "goBack": [Function],
      "goForward": [Function],
      "listen": [Function],
      "location": Object {
        "hash": "",
        "pathname": "/",
        "search": "",
        "state": undefined,
      },
      "push": [Function],
      "replace": [Function],
    }
  }
  staticContext={Object {}}
>
  <Main
    isLoading={false}
    onLogoutClick={[Function]}
    user={
      Object {
        "name": "title",
      }
    }
  />
</Router>
`;
